<?xml version="1.0"?>
<testsuites>
  <testsuite name="Chrome 34.0.1847 (Windows 7)" package="" timestamp="2014-04-30T23:40:01" id="0" hostname="Joe90-PC" tests="3" errors="0" failures="0" time="0.006">
    <properties>
      <property name="browser.fullName" value="Mozilla/5.0 (Windows NT 6.1; WOW64) AppleWebKit/537.36 (KHTML, like Gecko) Chrome/34.0.1847.131 Safari/537.36"/>
    </properties>
    <testcase name="works for underscore" time="0.001" classname="Chrome 34.0.1847 (Windows 7).dgdgdfgdfg"/>
    <testcase name="works for underscore" time="0.003" classname="Chrome 34.0.1847 (Windows 7).on modal model instantiation set the model"/>
    <testcase name="works test it" time="0.002" classname="Chrome 34.0.1847 (Windows 7).test this shit"/>
    <system-out><![CDATA[
]]></system-out>
    <system-err/>
  </testsuite>
</testsuites>
